// Jest Snapshot v1, https://goo.gl/fbAQLP

exports[`renders correctly 1`] = `
<Image
  style={
    Array [
      Object {
        "height": 26,
        "width": 26,
      },
    ]
  }
/>
`;
