// Jest Snapshot v1, https://goo.gl/fbAQLP

exports[`renders correctly 1`] = `
<View
  style={
    Object {
      "flex": 1,
    }
  }
>
  <View
    style={
      Object {
        "bottom": 0,
        "left": 0,
        "position": "absolute",
        "right": 0,
        "top": 0,
      }
    }
  >
    <Image
      source={
        Object {
          "testUri": "../../../src/assets/st.jpg",
        }
      }
      style={
        Object {
          "flex": 1,
          "height": 1334,
          "resizeMode": "cover",
          "width": 750,
        }
      }
    />
  </View>
  <Text
    style={
      Object {
        "color": "white",
        "fontSize": 22,
        "fontWeight": "bold",
        "marginTop": 320,
        "textAlign": "center",
      }
    }
  >
    Welcome to Star Trek, a React Native example.
  </Text>
</View>
`;
